2026-03-17 07:30:02  INFO      ============================================================
2026-03-17 07:30:02  INFO        AlpenEnergie Daily Forecast Runner
2026-03-17 07:30:02  INFO        Predict date   : 2026-03-17
2026-03-17 07:30:02  INFO        Forecast hours : 48h
2026-03-17 07:30:02  INFO        Started at     : 2026-03-17 07:30:02
2026-03-17 07:30:02  INFO      ============================================================
2026-03-17 07:30:02  INFO      Step 1/2 — Updating weather data ...
2026-03-17 07:30:25  INFO        Weather update complete.
2026-03-17 07:30:25  INFO      Step 2/2 — Running CNN-LSTM 48h forecast for 2026-03-17 ...
2026-03-17 08:04:11  INFO      ============================================================
2026-03-17 08:04:11  INFO        AlpenEnergie Daily Forecast Runner
2026-03-17 08:04:11  INFO        Predict date   : 2026-03-17
2026-03-17 08:04:11  INFO        Forecast hours : 48h
2026-03-17 08:04:11  INFO        Started at     : 2026-03-17 08:04:11
2026-03-17 08:04:11  INFO      ============================================================
2026-03-17 08:04:11  INFO      Step 1/2 — Updating weather data ...
2026-03-17 08:04:27  INFO        Weather update complete.
2026-03-17 08:04:27  INFO      Step 2/2 — Running CNN-LSTM 48h forecast for 2026-03-17 ...
2026-03-17 08:07:00  INFO        Forecast complete.
2026-03-17 08:07:02  INFO      Success email sent to: matis.gourdes@proton.me, D.Watson@alpenenergie.ch
2026-03-17 08:07:02  INFO      ============================================================
2026-03-17 08:07:02  INFO        Pipeline complete in 169s
2026-03-17 08:07:02  INFO      ============================================================
2026-03-18 09:51:59  INFO      ============================================================
2026-03-18 09:51:59  INFO        AlpenEnergie Daily Forecast Runner
2026-03-18 09:51:59  INFO        Predict date   : 2026-03-18
2026-03-18 09:51:59  INFO        Forecast hours : 48h
2026-03-18 09:51:59  INFO        Started at     : 2026-03-18 09:51:59
2026-03-18 09:51:59  INFO      ============================================================
2026-03-18 09:51:59  INFO      Step 1/2 — Updating weather data ...
2026-03-18 09:52:16  INFO        Weather update complete.
2026-03-18 09:52:16  INFO      Step 2/2 — Running CNN-LSTM 48h forecast for 2026-03-18 ...
2026-03-18 09:52:58  INFO        Forecast complete.
2026-03-18 09:53:00  INFO      Success email sent to: matis.gourdes@proton.me, D.Watson@alpenenergie.ch
2026-03-18 09:53:00  INFO      ============================================================
2026-03-18 09:53:00  INFO        Pipeline complete in 58s
2026-03-18 09:53:00  INFO      ============================================================
