2026-03-17 15:36:58  INFO      ============================================================
2026-03-17 15:36:58  INFO        AlpenEnergie — Main Forecast Pipeline
2026-03-17 15:36:58  INFO        Predict date   : 2026-03-17
2026-03-17 15:36:58  INFO        Forecast hours : 48h
2026-03-17 15:36:58  INFO        Started        : 2026-03-17 15:36:58
2026-03-17 15:36:58  INFO      ============================================================
2026-03-17 15:36:58  INFO      Step 1/3 — Load data  (get_load_data.py) ...
2026-03-17 15:37:23  INFO          ============================================================
2026-03-17 15:37:23  INFO          get_load_data  —  2026-03-17
2026-03-17 15:37:23  INFO          ============================================================
2026-03-17 15:37:23  INFO            Loaded 22 public holidays.
2026-03-17 15:37:23  INFO          
2026-03-17 15:37:23  INFO          Opening: c:\Users\matis\Desktop\Master Thesis\CODE\Thesis_AlpenEnergie\Cons_Prediction\CNN_LSTM\Ressource\Data_Prediction.xlsx
2026-03-17 15:37:23  INFO          
2026-03-17 15:37:23  INFO          [1] Extending calendar rows ...
2026-03-17 15:37:23  INFO            Last existing row : 27.03.2026 23:55:00  (Excel row 129891)
2026-03-17 15:37:23  INFO            Calendar already covers the requested range — nothing added.
2026-03-17 15:37:23  INFO          
2026-03-17 15:37:23  INFO          [2] Importing 1 CSV file(s) from Input/ ...
2026-03-17 15:37:23  INFO              Excel rows indexed : 129876
2026-03-17 15:37:23  INFO              Signals in Excel   : 13
2026-03-17 15:37:23  INFO          
2026-03-17 15:37:23  INFO            Importing: 16marz_2026.csv
2026-03-17 15:37:23  INFO              Written: 289 rows  |  Skipped (no match): 0 rows
2026-03-17 15:37:23  ERROR     Step 1 failed:
Traceback (most recent call last):
  File "c:\Users\matis\Desktop\Master Thesis\CODE\Thesis_AlpenEnergie\Cons_Prediction\CNN_LSTM\main.py", line 119, in main
    run_step("Step 1/3 — Load data  (get_load_data.py)", [PYTHON, LOAD_SCRIPT])
  File "c:\Users\matis\Desktop\Master Thesis\CODE\Thesis_AlpenEnergie\Cons_Prediction\CNN_LSTM\main.py", line 74, in run_step
    raise RuntimeError(result.stderr or result.stdout or f"{label} exited with code {result.returncode}")
RuntimeError: Traceback (most recent call last):
  File "c:\Users\matis\Desktop\Master Thesis\CODE\Thesis_AlpenEnergie\Cons_Prediction\CNN_LSTM\get_load_data.py", line 253, in <module>
    main()
  File "c:\Users\matis\Desktop\Master Thesis\CODE\Thesis_AlpenEnergie\Cons_Prediction\CNN_LSTM\get_load_data.py", line 248, in main
    wb.save(EXCEL_PATH)
  File "C:\Users\matis\AppData\Local\Programs\Python\Python312\Lib\site-packages\openpyxl\workbook\workbook.py", line 386, in save
    save_workbook(self, filename)
  File "C:\Users\matis\AppData\Local\Programs\Python\Python312\Lib\site-packages\openpyxl\writer\excel.py", line 291, in save_workbook
    archive = ZipFile(filename, 'w', ZIP_DEFLATED, allowZip64=True)
              ^^^^^^^^^^^^^^^^^^^^^^^^^^^^^^^^^^^^^^^^^^^^^^^^^^^^^
  File "C:\Users\matis\AppData\Local\Programs\Python\Python312\Lib\zipfile\__init__.py", line 1331, in __init__
    self.fp = io.open(file, filemode)
              ^^^^^^^^^^^^^^^^^^^^^^^
PermissionError: [Errno 13] Permission denied: 'c:\\Users\\matis\\Desktop\\Master Thesis\\CODE\\Thesis_AlpenEnergie\\Cons_Prediction\\CNN_LSTM\\Ressource\\Data_Prediction.xlsx'


2026-03-17 15:38:15  INFO      ============================================================
2026-03-17 15:38:15  INFO        AlpenEnergie — Main Forecast Pipeline
2026-03-17 15:38:15  INFO        Predict date   : 2026-03-17
2026-03-17 15:38:15  INFO        Forecast hours : 48h
2026-03-17 15:38:15  INFO        Started        : 2026-03-17 15:38:15
2026-03-17 15:38:15  INFO      ============================================================
2026-03-17 15:38:15  INFO      Step 1/3 — Load data  (get_load_data.py) ...
2026-03-17 15:38:56  INFO          ============================================================
2026-03-17 15:38:56  INFO          get_load_data  —  2026-03-17
2026-03-17 15:38:56  INFO          ============================================================
2026-03-17 15:38:56  INFO            Loaded 22 public holidays.
2026-03-17 15:38:56  INFO          
2026-03-17 15:38:56  INFO          Opening: c:\Users\matis\Desktop\Master Thesis\CODE\Thesis_AlpenEnergie\Cons_Prediction\CNN_LSTM\Ressource\Data_Prediction.xlsx
2026-03-17 15:38:56  INFO          
2026-03-17 15:38:56  INFO          [1] Extending calendar rows ...
2026-03-17 15:38:56  INFO            Last existing row : 27.03.2026 23:55:00  (Excel row 129891)
2026-03-17 15:38:56  INFO            Calendar already covers the requested range — nothing added.
2026-03-17 15:38:56  INFO          
2026-03-17 15:38:56  INFO          [2] Importing 1 CSV file(s) from Input/ ...
2026-03-17 15:38:56  INFO              Excel rows indexed : 129876
2026-03-17 15:38:56  INFO              Signals in Excel   : 13
2026-03-17 15:38:56  INFO          
2026-03-17 15:38:56  INFO            Importing: 16marz_2026.csv
2026-03-17 15:38:56  INFO              Written: 289 rows  |  Skipped (no match): 0 rows
2026-03-17 15:38:56  INFO          
2026-03-17 15:38:56  INFO          Saved: c:\Users\matis\Desktop\Master Thesis\CODE\Thesis_AlpenEnergie\Cons_Prediction\CNN_LSTM\Ressource\Data_Prediction.xlsx
2026-03-17 15:38:56  INFO        Step 1/3 — Load data  (get_load_data.py) — done.
2026-03-17 15:38:56  INFO      Step 2/3 — Weather    (get_weather_data.py) ...
2026-03-17 15:39:12  INFO          ============================================================
2026-03-17 15:39:12  INFO            Open-Meteo Fetch — Meiringen
2026-03-17 15:39:12  INFO          ============================================================
2026-03-17 15:39:12  INFO            Historical : 2025-01-01  to  2026-03-17
2026-03-17 15:39:12  INFO            Forecast   : today  to  2026-03-21 00:00  (+72h)
2026-03-17 15:39:12  INFO            Location   : lat=46.7286, lon=8.175  (Europe/Zurich)
2026-03-17 15:39:12  INFO            Output     : c:\Users\matis\Desktop\Master Thesis\CODE\Thesis_AlpenEnergie\Cons_Prediction\CNN_LSTM\Ressource\Imported_Forecast.xlsx
2026-03-17 15:39:12  INFO          ============================================================
2026-03-17 15:39:13  INFO            [1/2] Calling Open-Meteo archive API (historical) ...
2026-03-17 15:39:13  INFO                  10,584 hourly records  (2025-01-01 00:00:00  to  2026-03-17 23:00:00)
2026-03-17 15:39:13  INFO                  441 daily rain_sum values
2026-03-17 15:39:13  INFO            [2/2] Calling Open-Meteo forecast API (next 72h) ...
2026-03-17 15:39:13  INFO                  97 hourly records  (2026-03-17 00:00:00  to  2026-03-21 00:00:00)
2026-03-17 15:39:13  INFO                  5 daily rain_sum values
2026-03-17 15:39:13  INFO          
2026-03-17 15:39:13  INFO            Combined   : 10,657 hourly records total
2026-03-17 15:39:13  INFO            Full range : 2025-01-01 00:00:00  to  2026-03-21 00:00:00
2026-03-17 15:39:13  INFO          
2026-03-17 15:39:13  INFO            Interpolating hourly -> 5-minute resolution ...
2026-03-17 15:39:13  INFO            127,873 rows at 5-min resolution
2026-03-17 15:39:13  INFO          
2026-03-17 15:39:13  INFO            Saving to Excel ...
2026-03-17 15:39:13  INFO          
2026-03-17 15:39:13  INFO          ============================================================
2026-03-17 15:39:13  INFO            Done!  127,873 rows written.
2026-03-17 15:39:13  INFO            From : 01.01.2025 00:00:00
2026-03-17 15:39:13  INFO            To   : 21.03.2026 00:00:00
2026-03-17 15:39:13  INFO            Cols : ['Time', 'Date', 'Time_Only', 'Temperature_C', 'Irradiance_Wm2', 'Rain_Sum_mm', 'Cloud_Cover_Pct']
2026-03-17 15:39:13  INFO          ============================================================
2026-03-17 15:39:13  INFO        Step 2/3 — Weather    (get_weather_data.py) — done.
2026-03-17 15:39:13  INFO      Step 3/3 — Forecast  (CNN_LSTM_Prediction.py --predict 2026-03-17 --hours 48) ...
2026-03-17 15:39:53  INFO          ======================================================================
2026-03-17 15:39:53  INFO          CNN-LSTM 48h LOAD PREDICTION - PREDICT FROM 2026-03-17
2026-03-17 15:39:53  INFO          ======================================================================
2026-03-17 15:39:53  INFO          
2026-03-17 15:39:53  INFO          --- Loading model ---
2026-03-17 15:39:53  INFO          
2026-03-17 15:39:53  INFO          --- Loading data ---
2026-03-17 15:39:53  INFO            PV correction table loaded: shape=(12, 96), max_ratio=0.9178
2026-03-17 15:39:53  INFO          Loading main data from: c:\Users\matis\Desktop\Master Thesis\CODE\Thesis_AlpenEnergie\Cons_Prediction\CNN_LSTM\Ressource\Data_Prediction.xlsx
2026-03-17 15:39:53  INFO          Loading weather data from: c:\Users\matis\Desktop\Master Thesis\CODE\Thesis_AlpenEnergie\Cons_Prediction\CNN_LSTM\Ressource\Imported_Forecast.xlsx
2026-03-17 15:39:53  INFO            Weather merge: 127873 API rows merged — future rows added: 1168
2026-03-17 15:39:53  INFO            Total rows     : 129900
2026-03-17 15:39:53  INFO            Date range     : 2025-01-01 00:00:00 to 2026-03-27 23:55:00
2026-03-17 15:39:53  INFO            Rows with Load : 126733
2026-03-17 15:39:53  INFO            Future rows    : 3167
2026-03-17 15:39:53  INFO            PV_Est range   : [0.0, 460.4] kW
2026-03-17 15:39:53  INFO            Prediction starts at: 2026-03-17 00:00:00
2026-03-17 15:39:53  INFO            Stat profile built: (1, 576, 4)
2026-03-17 15:39:53  INFO            PV estimate built: max=288.1 kW, mean_daytime=141.4 kW
2026-03-17 15:39:53  INFO          
2026-03-17 15:39:53  INFO          --- Computing Statistical Baseline ---
2026-03-17 15:39:53  INFO            Aggregation: mean | Past weeks: 4
2026-03-17 15:39:53  INFO          
2026-03-17 15:39:53  INFO          Plot saved to: c:\Users\matis\Desktop\Master Thesis\CODE\Thesis_AlpenEnergie\Cons_Prediction\CNN_LSTM\Simulation results\Prediction_2026-03-17.png
2026-03-17 15:39:53  INFO          
2026-03-17 15:39:53  INFO          CNN-LSTM  | RMSE: nan kW, MAE: nan kW, MAPE: nan%
2026-03-17 15:39:53  INFO          Stats     | RMSE: nan kW, MAE: nan kW, MAPE: nan%
2026-03-17 15:39:53  INFO          Predictions saved to: c:\Users\matis\Desktop\Master Thesis\CODE\Thesis_AlpenEnergie\Cons_Prediction\CNN_LSTM\Simulation results\Prediction_2026-03-18.csv  (96 rows @ 15-min, starting +24h from 2026-03-17)
2026-03-17 15:39:53  INFO          
2026-03-17 15:39:53  INFO          --- Prediction Summary ---
2026-03-17 15:39:53  INFO            Full horizon : 2026-03-17 00:00:00 to 2026-03-18 23:55:00
2026-03-17 15:39:53  INFO            Exported     : 2026-03-18 00:00:00 to 2026-03-18 23:45:00  (96 rows @ 15-min)
2026-03-17 15:39:53  INFO            CNN-LSTM  -> Mean: 1695.3 kW, Min: 1019.3, Max: 2173.3
2026-03-17 15:39:53  INFO        Step 3/3 — Forecast  (CNN_LSTM_Prediction.py --predict 2026-03-17 --hours 48) — done.
2026-03-17 15:39:53  INFO        Output saved to: c:\Users\matis\Desktop\Master Thesis\CODE\Thesis_AlpenEnergie\Cons_Prediction\CNN_LSTM\Output Forecast\Prediction_2026-03-18.csv
2026-03-17 15:39:53  INFO      ============================================================
2026-03-17 15:39:53  INFO        Pipeline complete in 97s
2026-03-17 15:39:53  INFO        Result: c:\Users\matis\Desktop\Master Thesis\CODE\Thesis_AlpenEnergie\Cons_Prediction\CNN_LSTM\Output Forecast\Prediction_2026-03-18.csv
2026-03-17 15:39:53  INFO      ============================================================
2026-03-17 15:45:20  INFO      ============================================================
2026-03-17 15:45:20  INFO        AlpenEnergie — Main Forecast Pipeline
2026-03-17 15:45:20  INFO        Predict date   : 2026-03-17
2026-03-17 15:45:20  INFO        Forecast hours : 48h
2026-03-17 15:45:20  INFO        Started        : 2026-03-17 15:45:20
2026-03-17 15:45:20  INFO      ============================================================
2026-03-17 15:45:20  INFO      Step 1/3 — Load data  (get_load_data.py) ...
2026-03-17 15:46:01  INFO          ============================================================
2026-03-17 15:46:01  INFO          get_load_data  —  2026-03-17
2026-03-17 15:46:01  INFO          ============================================================
2026-03-17 15:46:01  INFO            Loaded 22 public holidays.
2026-03-17 15:46:01  INFO          
2026-03-17 15:46:01  INFO          Opening: c:\Users\matis\Desktop\Master Thesis\CODE\Thesis_AlpenEnergie\Cons_Prediction\CNN_LSTM\Ressource\Data_Prediction.xlsx
2026-03-17 15:46:01  INFO          
2026-03-17 15:46:01  INFO          [1] Extending calendar rows ...
2026-03-17 15:46:01  INFO            Last existing row : 27.03.2026 23:55:00  (Excel row 129891)
2026-03-17 15:46:01  INFO            Calendar already covers the requested range — nothing added.
2026-03-17 15:46:01  INFO          
2026-03-17 15:46:01  INFO          [2] Importing 1 CSV file(s) from Input/ ...
2026-03-17 15:46:01  INFO              Excel rows indexed : 129876
2026-03-17 15:46:01  INFO              Signals in Excel   : 13
2026-03-17 15:46:01  INFO          
2026-03-17 15:46:01  INFO            Importing: 16marz_2026.csv
2026-03-17 15:46:01  INFO              Written: 289 rows  |  Skipped (no match): 0 rows
2026-03-17 15:46:01  INFO          
2026-03-17 15:46:01  INFO          Saved: c:\Users\matis\Desktop\Master Thesis\CODE\Thesis_AlpenEnergie\Cons_Prediction\CNN_LSTM\Ressource\Data_Prediction.xlsx
2026-03-17 15:46:01  INFO        Step 1/3 — Load data  (get_load_data.py) — done.
2026-03-17 15:46:01  INFO      Step 2/3 — Weather    (get_weather_data.py) ...
2026-03-17 15:46:17  INFO          ============================================================
2026-03-17 15:46:17  INFO            Open-Meteo Fetch — Meiringen
2026-03-17 15:46:17  INFO          ============================================================
2026-03-17 15:46:17  INFO            Historical : 2025-01-01  to  2026-03-17
2026-03-17 15:46:17  INFO            Forecast   : today  to  2026-03-21 00:00  (+72h)
2026-03-17 15:46:17  INFO            Location   : lat=46.7286, lon=8.175  (Europe/Zurich)
2026-03-17 15:46:17  INFO            Output     : c:\Users\matis\Desktop\Master Thesis\CODE\Thesis_AlpenEnergie\Cons_Prediction\CNN_LSTM\Ressource\Imported_Forecast.xlsx
2026-03-17 15:46:17  INFO          ============================================================
2026-03-17 15:46:17  INFO            [1/2] Calling Open-Meteo archive API (historical) ...
2026-03-17 15:46:17  INFO                  10,584 hourly records  (2025-01-01 00:00:00  to  2026-03-17 23:00:00)
2026-03-17 15:46:17  INFO                  441 daily rain_sum values
2026-03-17 15:46:17  INFO            [2/2] Calling Open-Meteo forecast API (next 72h) ...
2026-03-17 15:46:17  INFO                  97 hourly records  (2026-03-17 00:00:00  to  2026-03-21 00:00:00)
2026-03-17 15:46:17  INFO                  5 daily rain_sum values
2026-03-17 15:46:17  INFO          
2026-03-17 15:46:17  INFO            Combined   : 10,657 hourly records total
2026-03-17 15:46:17  INFO            Full range : 2025-01-01 00:00:00  to  2026-03-21 00:00:00
2026-03-17 15:46:17  INFO          
2026-03-17 15:46:17  INFO            Interpolating hourly -> 5-minute resolution ...
2026-03-17 15:46:17  INFO            127,873 rows at 5-min resolution
2026-03-17 15:46:17  INFO          
2026-03-17 15:46:17  INFO            Saving to Excel ...
2026-03-17 15:46:17  INFO          
2026-03-17 15:46:17  INFO          ============================================================
2026-03-17 15:46:17  INFO            Done!  127,873 rows written.
2026-03-17 15:46:17  INFO            From : 01.01.2025 00:00:00
2026-03-17 15:46:17  INFO            To   : 21.03.2026 00:00:00
2026-03-17 15:46:17  INFO            Cols : ['Time', 'Date', 'Time_Only', 'Temperature_C', 'Irradiance_Wm2', 'Rain_Sum_mm', 'Cloud_Cover_Pct']
2026-03-17 15:46:17  INFO          ============================================================
2026-03-17 15:46:17  INFO        Step 2/3 — Weather    (get_weather_data.py) — done.
2026-03-17 15:46:17  INFO      Step 3/3 — Forecast  (CNN_LSTM_Prediction.py --predict 2026-03-17 --hours 48) ...
2026-03-17 15:46:56  INFO          ======================================================================
2026-03-17 15:46:56  INFO          CNN-LSTM 48h LOAD PREDICTION - PREDICT FROM 2026-03-17
2026-03-17 15:46:56  INFO          ======================================================================
2026-03-17 15:46:56  INFO          
2026-03-17 15:46:56  INFO          --- Loading model ---
2026-03-17 15:46:56  INFO          
2026-03-17 15:46:56  INFO          --- Loading data ---
2026-03-17 15:46:56  INFO            PV correction table loaded: shape=(12, 96), max_ratio=0.9178
2026-03-17 15:46:56  INFO          Loading main data from: c:\Users\matis\Desktop\Master Thesis\CODE\Thesis_AlpenEnergie\Cons_Prediction\CNN_LSTM\Ressource\Data_Prediction.xlsx
2026-03-17 15:46:56  INFO          Loading weather data from: c:\Users\matis\Desktop\Master Thesis\CODE\Thesis_AlpenEnergie\Cons_Prediction\CNN_LSTM\Ressource\Imported_Forecast.xlsx
2026-03-17 15:46:56  INFO            Weather merge: 127873 API rows merged — future rows added: 1168
2026-03-17 15:46:56  INFO            Total rows     : 129900
2026-03-17 15:46:56  INFO            Date range     : 2025-01-01 00:00:00 to 2026-03-27 23:55:00
2026-03-17 15:46:56  INFO            Rows with Load : 126733
2026-03-17 15:46:56  INFO            Future rows    : 3167
2026-03-17 15:46:56  INFO            PV_Est range   : [0.0, 460.4] kW
2026-03-17 15:46:56  INFO            Prediction starts at: 2026-03-17 00:00:00
2026-03-17 15:46:56  INFO            Stat profile built: (1, 576, 4)
2026-03-17 15:46:56  INFO            PV estimate built: max=288.1 kW, mean_daytime=141.4 kW
2026-03-17 15:46:56  INFO          
2026-03-17 15:46:56  INFO          --- Computing Statistical Baseline ---
2026-03-17 15:46:56  INFO            Aggregation: mean | Past weeks: 4
2026-03-17 15:46:56  INFO          
2026-03-17 15:46:56  INFO          Plot saved to: c:\Users\matis\Desktop\Master Thesis\CODE\Thesis_AlpenEnergie\Cons_Prediction\CNN_LSTM\..\Output Forecast\Prediction_2026-03-17.png
2026-03-17 15:46:56  INFO          
2026-03-17 15:46:56  INFO          CNN-LSTM  | RMSE: nan kW, MAE: nan kW, MAPE: nan%
2026-03-17 15:46:56  INFO          Stats     | RMSE: nan kW, MAE: nan kW, MAPE: nan%
2026-03-17 15:46:56  INFO          Predictions saved to: c:\Users\matis\Desktop\Master Thesis\CODE\Thesis_AlpenEnergie\Cons_Prediction\CNN_LSTM\..\Output Forecast\Prediction_2026-03-18.csv  (96 rows @ 15-min, starting +24h from 2026-03-17)
2026-03-17 15:46:56  INFO          
2026-03-17 15:46:56  INFO          --- Prediction Summary ---
2026-03-17 15:46:56  INFO            Full horizon : 2026-03-17 00:00:00 to 2026-03-18 23:55:00
2026-03-17 15:46:56  INFO            Exported     : 2026-03-18 00:00:00 to 2026-03-18 23:45:00  (96 rows @ 15-min)
2026-03-17 15:46:56  INFO            CNN-LSTM  -> Mean: 1695.3 kW, Min: 1019.3, Max: 2173.3
2026-03-17 15:46:56  INFO        Step 3/3 — Forecast  (CNN_LSTM_Prediction.py --predict 2026-03-17 --hours 48) — done.
2026-03-17 15:46:56  INFO        Output saved to: c:\Users\matis\Desktop\Master Thesis\CODE\Thesis_AlpenEnergie\Cons_Prediction\CNN_LSTM\..\Output Forecast\Prediction_2026-03-18.csv
2026-03-17 15:46:56  INFO      ============================================================
2026-03-17 15:46:56  INFO        Pipeline complete in 96s
2026-03-17 15:46:56  INFO        Result: c:\Users\matis\Desktop\Master Thesis\CODE\Thesis_AlpenEnergie\Cons_Prediction\CNN_LSTM\..\Output Forecast\Prediction_2026-03-18.csv
2026-03-17 15:46:56  INFO      ============================================================
2026-03-17 16:05:57  INFO      ============================================================
2026-03-17 16:05:57  INFO        AlpenEnergie — Main Forecast Pipeline
2026-03-17 16:05:57  INFO        Predict date   : 2026-03-17
2026-03-17 16:05:57  INFO        Forecast hours : 48h
2026-03-17 16:05:57  INFO        Started        : 2026-03-17 16:05:57
2026-03-17 16:05:57  INFO      ============================================================
2026-03-17 16:05:57  INFO      Step 1/3 — Load data ...
2026-03-17 16:06:38  INFO        Step 1 — done.
2026-03-17 16:06:38  INFO      Step 2/3 — Weather update ...
2026-03-17 16:06:54  INFO        Step 2 — done.
2026-03-17 16:06:54  INFO      Step 3/3 — CNN-LSTM 48h forecast ...
2026-03-17 16:07:37  INFO        Output: c:\Users\matis\Desktop\Master Thesis\CODE\Thesis_AlpenEnergie\Cons_Prediction\CNN_LSTM\..\Output Forecast\Prediction_2026-03-18.csv
2026-03-17 16:07:37  INFO        Step 3 — done.
2026-03-17 16:07:37  INFO      ============================================================
2026-03-17 16:07:37  INFO        Pipeline complete in 100s
2026-03-17 16:07:37  INFO        Result: c:\Users\matis\Desktop\Master Thesis\CODE\Thesis_AlpenEnergie\Cons_Prediction\CNN_LSTM\..\Output Forecast\Prediction_2026-03-18.csv
2026-03-17 16:07:37  INFO      ============================================================
2026-03-17 16:23:30  INFO      ============================================================
2026-03-17 16:23:30  INFO        AlpenEnergie — Main Forecast Pipeline
2026-03-17 16:23:30  INFO        Predict date   : 2026-03-17
2026-03-17 16:23:30  INFO        Forecast hours : 48h
2026-03-17 16:23:30  INFO        Started        : 2026-03-17 16:23:30
2026-03-17 16:23:30  INFO      ============================================================
2026-03-17 16:23:30  INFO      Step 1/3 — Load data ...
2026-03-17 16:24:15  INFO        Step 1 — done.
2026-03-17 16:24:15  INFO      Step 2/3 — Weather update ...
2026-03-17 16:24:31  INFO        Step 2 — done.
2026-03-17 16:24:31  INFO      Step 3/3 — CNN-LSTM 48h forecast ...
2026-03-17 16:25:19  INFO        Output: C:\Users\matis\Desktop\Master Thesis\CODE\Thesis_AlpenEnergie\Cons_Prediction\CNN_LSTM\..\Output Forecast\Prediction_2026-03-18.csv
2026-03-17 16:25:19  INFO        Step 3 — done.
2026-03-17 16:25:19  INFO      ============================================================
2026-03-17 16:25:19  INFO        Pipeline complete in 109s
2026-03-17 16:25:19  INFO        Result: C:\Users\matis\Desktop\Master Thesis\CODE\Thesis_AlpenEnergie\Cons_Prediction\CNN_LSTM\..\Output Forecast\Prediction_2026-03-18.csv
2026-03-17 16:25:19  INFO      ============================================================
2026-03-18 09:13:35  INFO      ============================================================
2026-03-18 09:13:35  INFO        AlpenEnergie — Main Forecast Pipeline
2026-03-18 09:13:35  INFO        Predict date   : 2026-03-18
2026-03-18 09:13:35  INFO        Forecast hours : 48h
2026-03-18 09:13:35  INFO        Started        : 2026-03-18 09:13:35
2026-03-18 09:13:35  INFO      ============================================================
2026-03-18 09:13:35  INFO      Step 1/3 — Load data ...
2026-03-18 09:14:21  INFO        Step 1 — done.
2026-03-18 09:14:21  INFO      Step 2/3 — Weather update ...
2026-03-18 09:14:45  INFO        Step 2 — done.
2026-03-18 09:14:45  INFO      Step 3/3 — CNN-LSTM 48h forecast ...
2026-03-18 09:15:50  INFO        Output: C:\Users\matis\Desktop\Master Thesis\CODE\Thesis_AlpenEnergie\Cons_Prediction\CNN_LSTM\..\Output Forecast\Prediction_2026-03-19.csv
2026-03-18 09:15:50  INFO        Step 3 — done.
2026-03-18 09:15:50  INFO      ============================================================
2026-03-18 09:15:50  INFO        Pipeline complete in 135s
2026-03-18 09:15:50  INFO        Result: C:\Users\matis\Desktop\Master Thesis\CODE\Thesis_AlpenEnergie\Cons_Prediction\CNN_LSTM\..\Output Forecast\Prediction_2026-03-19.csv
2026-03-18 09:15:50  INFO      ============================================================
2026-03-18 09:46:02  INFO      ============================================================
2026-03-18 09:46:02  INFO        AlpenEnergie — Main Forecast Pipeline
2026-03-18 09:46:02  INFO        Predict date   : 2026-03-18
2026-03-18 09:46:02  INFO        Forecast hours : 48h
2026-03-18 09:46:02  INFO        Started        : 2026-03-18 09:46:02
2026-03-18 09:46:02  INFO      ============================================================
2026-03-18 09:46:02  INFO      Step 1/3 — Load data ...
2026-03-18 09:46:50  INFO        Step 1 — done.
2026-03-18 09:46:50  INFO      Step 2/3 — Weather update ...
2026-03-18 09:47:12  INFO        Step 2 — done.
2026-03-18 09:47:12  INFO      Step 3/3 — CNN-LSTM 48h forecast ...
2026-03-18 09:48:16  INFO        Output: C:\Users\matis\Desktop\Master Thesis\CODE\Thesis_AlpenEnergie\Cons_Prediction\CNN_LSTM\..\Output Forecast\Prediction_2026-03-19.csv
2026-03-18 09:48:16  INFO        Step 3 — done.
2026-03-18 09:48:16  INFO      ============================================================
2026-03-18 09:48:16  INFO        Pipeline complete in 133s
2026-03-18 09:48:16  INFO        Result: C:\Users\matis\Desktop\Master Thesis\CODE\Thesis_AlpenEnergie\Cons_Prediction\CNN_LSTM\..\Output Forecast\Prediction_2026-03-19.csv
2026-03-18 09:48:16  INFO      ============================================================
2026-03-18 17:19:52  INFO      ============================================================
2026-03-18 17:19:52  INFO        AlpenEnergie — Main Forecast Pipeline
2026-03-18 17:19:52  INFO        Predict date   : 2026-03-18
2026-03-18 17:19:52  INFO        Forecast hours : 48h
2026-03-18 17:19:52  INFO        Started        : 2026-03-18 17:19:52
2026-03-18 17:19:52  INFO      ============================================================
2026-03-18 17:19:52  INFO      Step 1/3 — Load data ...
2026-03-18 17:20:34  INFO        Step 1 — done.
2026-03-18 17:20:34  INFO      Step 2/3 — Weather update ...
2026-03-18 17:20:49  INFO        Step 2 — done.
2026-03-18 17:20:49  INFO      Step 3/4 — CNN-LSTM 48h forecast ...
2026-03-18 17:21:32  INFO        Output: c:\Users\matis\Desktop\Master Thesis\CODE\Thesis_AlpenEnergie\Cons_Prediction\CNN_LSTM\..\Output Forecast\Prediction_2026-03-19.csv
2026-03-18 17:21:32  INFO        Step 3 — done.
2026-03-18 17:21:32  INFO      Step 4/4 — DNN production forecast ...
2026-03-18 17:21:58  INFO        Production forecast: 1,211.1 kW avg for 2026-03-18
2026-03-18 17:21:58  INFO        Output (Excel): c:\Users\matis\Desktop\Master Thesis\CODE\Thesis_AlpenEnergie\Cons_Prediction\CNN_LSTM\..\Output Forecast\Prediction_2026-03-19.xlsx
2026-03-18 17:21:58  INFO        Step 4 — done.
2026-03-18 17:21:58  INFO      ============================================================
2026-03-18 17:21:58  INFO        Pipeline complete in 125s
2026-03-18 17:21:58  INFO        Result: c:\Users\matis\Desktop\Master Thesis\CODE\Thesis_AlpenEnergie\Cons_Prediction\CNN_LSTM\..\Output Forecast\Prediction_2026-03-19.csv
2026-03-18 17:21:58  INFO      ============================================================
2026-03-18 17:28:27  INFO      ============================================================
2026-03-18 17:28:27  INFO        AlpenEnergie — Main Forecast Pipeline
2026-03-18 17:28:27  INFO        Predict date   : 2026-03-18
2026-03-18 17:28:27  INFO        Forecast hours : 48h
2026-03-18 17:28:27  INFO        Started        : 2026-03-18 17:28:27
2026-03-18 17:28:27  INFO      ============================================================
2026-03-18 17:28:27  INFO      Step 1/3 — Load data ...
2026-03-18 17:29:08  INFO        Step 1 — done.
2026-03-18 17:29:08  INFO      Step 2/3 — Weather update ...
2026-03-18 17:29:24  INFO        Step 2 — done.
2026-03-18 17:29:24  INFO      Step 3/4 — CNN-LSTM 48h forecast ...
2026-03-18 17:30:06  INFO        Output: c:\Users\matis\Desktop\Master Thesis\CODE\Thesis_AlpenEnergie\Cons_Prediction\CNN_LSTM\..\Output Forecast\Prediction_2026-03-19.csv
2026-03-18 17:30:06  INFO        Step 3 — done.
2026-03-18 17:30:06  INFO      Step 4/4 — DNN production forecast ...
2026-03-18 17:30:33  INFO        Production forecast: 1,380.5 kW avg for 2026-03-19
2026-03-18 17:30:33  INFO        Output (Excel): c:\Users\matis\Desktop\Master Thesis\CODE\Thesis_AlpenEnergie\Cons_Prediction\CNN_LSTM\..\Output Forecast\Prediction_2026-03-19.xlsx
2026-03-18 17:30:33  INFO        Step 4 — done.
2026-03-18 17:30:33  INFO      ============================================================
2026-03-18 17:30:33  INFO        Pipeline complete in 126s
2026-03-18 17:30:33  INFO        Result: c:\Users\matis\Desktop\Master Thesis\CODE\Thesis_AlpenEnergie\Cons_Prediction\CNN_LSTM\..\Output Forecast\Prediction_2026-03-19.csv
2026-03-18 17:30:33  INFO      ============================================================
2026-03-20 09:30:58  INFO      ============================================================
2026-03-20 09:30:58  INFO        AlpenEnergie — Main Forecast Pipeline
2026-03-20 09:30:58  INFO        Predict date   : 2026-03-20
2026-03-20 09:30:58  INFO        Forecast hours : 96h
2026-03-20 09:30:58  INFO        Started        : 2026-03-20 09:30:58
2026-03-20 09:30:58  INFO      ============================================================
2026-03-20 09:30:58  INFO      Step 1/3 — Load data ...
2026-03-20 09:31:42  INFO        Step 1 — done.
2026-03-20 09:31:42  INFO      Step 2/3 — Weather update ...
2026-03-20 09:32:00  INFO        Step 2 — done.
2026-03-20 09:32:00  INFO      Step 3/4 — CNN-LSTM 96h forecast ...
2026-03-20 09:33:33  INFO        Output: C:\Users\matis\Desktop\Master Thesis\CODE\Thesis_AlpenEnergie\Cons_Prediction\CNN_LSTM\..\Output Forecast\Prediction_2026-03-21.csv
2026-03-20 09:33:33  INFO        Step 3 — done.
2026-03-20 09:33:33  INFO      Step 4/4 — DNN production forecast ...
2026-03-20 09:33:58  INFO        Production forecast: 1,189.5 kW avg for 2026-03-21
2026-03-20 09:33:58  INFO        Output (Excel): C:\Users\matis\Desktop\Master Thesis\CODE\Thesis_AlpenEnergie\Cons_Prediction\CNN_LSTM\..\Output Forecast\Prediction_2026-03-21.xlsx
2026-03-20 09:33:58  INFO        Step 4 — done.
2026-03-20 09:33:58  INFO      ============================================================
2026-03-20 09:33:58  INFO        Pipeline complete in 180s
2026-03-20 09:33:58  INFO        Result: C:\Users\matis\Desktop\Master Thesis\CODE\Thesis_AlpenEnergie\Cons_Prediction\CNN_LSTM\..\Output Forecast\Prediction_2026-03-21.csv
2026-03-20 09:33:58  INFO      ============================================================
2026-03-23 10:04:58  INFO      ============================================================
2026-03-23 10:04:58  INFO        AlpenEnergie — Main Forecast Pipeline
2026-03-23 10:04:58  INFO        Predict date   : 2026-03-23
2026-03-23 10:04:58  INFO        Forecast hours : 48h
2026-03-23 10:04:58  INFO        Started        : 2026-03-23 10:04:58
2026-03-23 10:04:58  INFO      ============================================================
2026-03-23 10:04:58  INFO      Step 1/3 — Load data ...
2026-03-23 10:05:44  INFO        Step 1 — done.
2026-03-23 10:05:44  INFO      Step 2/3 — Weather update ...
2026-03-23 10:06:05  INFO        Step 2 — done.
2026-03-23 10:06:05  INFO      Step 3/4 — CNN-LSTM 48h forecast ...
2026-03-23 10:07:35  INFO        Output: C:\Users\matis\Desktop\Master Thesis\CODE\Thesis_AlpenEnergie\Cons_Prediction\CNN_LSTM\..\Output Forecast\Prediction_2026-03-24.csv
2026-03-23 10:07:35  INFO        Step 3 — done.
2026-03-23 10:07:35  INFO      Step 4/4 — DNN production forecast ...
2026-03-23 10:08:04  INFO        Production forecast: 1,297.4 kW avg for 2026-03-24
2026-03-23 10:08:04  INFO        Output (Excel): C:\Users\matis\Desktop\Master Thesis\CODE\Thesis_AlpenEnergie\Cons_Prediction\CNN_LSTM\..\Output Forecast\Prediction_2026-03-24.xlsx
2026-03-23 10:08:04  INFO        Step 4 — done.
2026-03-23 10:08:04  INFO      ============================================================
2026-03-23 10:08:04  INFO        Pipeline complete in 187s
2026-03-23 10:08:04  INFO        Result: C:\Users\matis\Desktop\Master Thesis\CODE\Thesis_AlpenEnergie\Cons_Prediction\CNN_LSTM\..\Output Forecast\Prediction_2026-03-24.csv
2026-03-23 10:08:04  INFO      ============================================================
2026-03-24 08:53:19  INFO      ============================================================
2026-03-24 08:53:19  INFO        AlpenEnergie — Main Forecast Pipeline
2026-03-24 08:53:19  INFO        Predict date   : 2026-03-24
2026-03-24 08:53:19  INFO        Forecast hours : 48h
2026-03-24 08:53:19  INFO        Started        : 2026-03-24 08:53:19
2026-03-24 08:53:19  INFO      ============================================================
2026-03-24 08:53:19  INFO      Step 1/3 — Load data ...
2026-03-24 08:54:03  INFO        Step 1 — done.
2026-03-24 08:54:03  INFO      Step 2/3 — Weather update ...
2026-03-24 08:54:25  INFO        Step 2 — done.
2026-03-24 08:54:25  INFO      Step 3/4 — CNN-LSTM 48h forecast ...
2026-03-24 08:55:23  INFO        Output: C:\Users\matis\Desktop\Master Thesis\CODE\Thesis_AlpenEnergie\Cons_Prediction\CNN_LSTM\..\Output Forecast\Prediction_2026-03-25.csv
2026-03-24 08:55:23  INFO        Step 3 — done.
2026-03-24 08:55:23  INFO      Step 4/4 — DNN production forecast ...
2026-03-24 08:55:49  INFO        Production forecast: 1,303.2 kW avg for 2026-03-25
2026-03-24 08:55:49  INFO        Output (Excel): C:\Users\matis\Desktop\Master Thesis\CODE\Thesis_AlpenEnergie\Cons_Prediction\CNN_LSTM\..\Output Forecast\Prediction_2026-03-25.xlsx
2026-03-24 08:55:49  INFO        Step 4 — done.
2026-03-24 08:55:49  INFO      ============================================================
2026-03-24 08:55:49  INFO        Pipeline complete in 150s
2026-03-24 08:55:49  INFO        Result: C:\Users\matis\Desktop\Master Thesis\CODE\Thesis_AlpenEnergie\Cons_Prediction\CNN_LSTM\..\Output Forecast\Prediction_2026-03-25.csv
2026-03-24 08:55:49  INFO      ============================================================
2026-03-26 13:47:28  INFO      ============================================================
2026-03-26 13:47:28  INFO        AlpenEnergie — Main Forecast Pipeline
2026-03-26 13:47:28  INFO        Predict date   : 2026-03-26
2026-03-26 13:47:28  INFO        Forecast hours : 48h
2026-03-26 13:47:28  INFO        Started        : 2026-03-26 13:47:28
2026-03-26 13:47:28  INFO      ============================================================
2026-03-26 13:47:28  INFO      Step 1/3 — Load data ...
2026-03-26 13:48:08  INFO        Step 1 — done.
2026-03-26 13:48:08  INFO      Step 2/3 — Weather update ...
2026-03-26 13:48:24  INFO        Step 2 — done.
2026-03-26 13:48:24  INFO      Step 3/4 — CNN-LSTM 48h forecast ...
2026-03-26 14:01:46  INFO        Output: C:\Users\matis\Desktop\Master Thesis\CODE\Thesis_AlpenEnergie\Cons_Prediction\CNN_LSTM\..\Output Forecast\Prediction_2026-03-27.csv
2026-03-26 14:01:46  INFO        Step 3 — done.
2026-03-26 14:01:46  INFO      Step 4/4 — DNN production forecast ...
2026-03-26 14:02:47  INFO        Production forecast: 908.3 kW avg for 2026-03-27
2026-03-26 14:02:47  INFO        Output (Excel): C:\Users\matis\Desktop\Master Thesis\CODE\Thesis_AlpenEnergie\Cons_Prediction\CNN_LSTM\..\Output Forecast\Prediction_2026-03-27.xlsx
2026-03-26 14:02:47  INFO        Step 4 — done.
2026-03-26 14:02:47  INFO      ============================================================
2026-03-26 14:02:47  INFO        Pipeline complete in 919s
2026-03-26 14:02:47  INFO        Result: C:\Users\matis\Desktop\Master Thesis\CODE\Thesis_AlpenEnergie\Cons_Prediction\CNN_LSTM\..\Output Forecast\Prediction_2026-03-27.csv
2026-03-26 14:02:47  INFO      ============================================================
2026-03-30 10:30:41  INFO      ============================================================
2026-03-30 10:30:41  INFO        AlpenEnergie — Main Forecast Pipeline
2026-03-30 10:30:41  INFO        Predict date   : 2026-03-30
2026-03-30 10:30:41  INFO        Forecast hours : 48h
2026-03-30 10:30:41  INFO        Started        : 2026-03-30 10:30:41
2026-03-30 10:30:41  INFO      ============================================================
2026-03-30 10:30:41  INFO      Step 1/3 — Load data ...
2026-03-30 10:31:25  INFO        Step 1 — done.
2026-03-30 10:31:25  INFO      Step 2/3 — Weather update ...
2026-03-30 10:31:44  INFO        Step 2 — done.
2026-03-30 10:31:44  INFO      Step 3/4 — CNN-LSTM 48h forecast ...
2026-03-30 10:33:01  INFO        Output: C:\Users\matis\Desktop\Master Thesis\CODE\Thesis_AlpenEnergie\Cons_Prediction\CNN_LSTM\..\Output Forecast\Prediction_2026-03-31.csv
2026-03-30 10:33:01  INFO        Step 3 — done.
2026-03-30 10:33:01  INFO      Step 4/4 — DNN production forecast ...
2026-04-06 12:01:15  INFO      ============================================================
2026-04-06 12:01:15  INFO        AlpenEnergie — Main Forecast Pipeline
2026-04-06 12:01:15  INFO        Predict date   : 2026-04-06
2026-04-06 12:01:15  INFO        Forecast hours : 48h
2026-04-06 12:01:15  INFO        Started        : 2026-04-06 12:01:15
2026-04-06 12:01:15  INFO      ============================================================
2026-04-06 12:01:15  INFO      Step 1/3 — Load data ...
2026-04-06 12:02:54  INFO        Step 1 — done.
2026-04-06 12:02:54  INFO      Step 2/3 — Weather update ...
2026-04-06 12:03:04  ERROR     Step 2 failed:
Traceback (most recent call last):
  File "C:\Users\matis\AppData\Local\Programs\Python\Python312\Lib\site-packages\urllib3\connection.py", line 199, in _new_conn
    sock = connection.create_connection(
           ^^^^^^^^^^^^^^^^^^^^^^^^^^^^^
  File "C:\Users\matis\AppData\Local\Programs\Python\Python312\Lib\site-packages\urllib3\util\connection.py", line 60, in create_connection
    for res in socket.getaddrinfo(host, port, family, socket.SOCK_STREAM):
               ^^^^^^^^^^^^^^^^^^^^^^^^^^^^^^^^^^^^^^^^^^^^^^^^^^^^^^^^^^
  File "C:\Users\matis\AppData\Local\Programs\Python\Python312\Lib\socket.py", line 976, in getaddrinfo
    for res in _socket.getaddrinfo(host, port, family, type, proto, flags):
               ^^^^^^^^^^^^^^^^^^^^^^^^^^^^^^^^^^^^^^^^^^^^^^^^^^^^^^^^^^^
socket.gaierror: [Errno 11001] getaddrinfo failed

The above exception was the direct cause of the following exception:

Traceback (most recent call last):
  File "C:\Users\matis\AppData\Local\Programs\Python\Python312\Lib\site-packages\urllib3\connectionpool.py", line 789, in urlopen
    response = self._make_request(
               ^^^^^^^^^^^^^^^^^^^
  File "C:\Users\matis\AppData\Local\Programs\Python\Python312\Lib\site-packages\urllib3\connectionpool.py", line 490, in _make_request
    raise new_e
  File "C:\Users\matis\AppData\Local\Programs\Python\Python312\Lib\site-packages\urllib3\connectionpool.py", line 466, in _make_request
    self._validate_conn(conn)
  File "C:\Users\matis\AppData\Local\Programs\Python\Python312\Lib\site-packages\urllib3\connectionpool.py", line 1095, in _validate_conn
    conn.connect()
  File "C:\Users\matis\AppData\Local\Programs\Python\Python312\Lib\site-packages\urllib3\connection.py", line 693, in connect
    self.sock = sock = self._new_conn()
                       ^^^^^^^^^^^^^^^^
  File "C:\Users\matis\AppData\Local\Programs\Python\Python312\Lib\site-packages\urllib3\connection.py", line 206, in _new_conn
    raise NameResolutionError(self.host, self, e) from e
urllib3.exceptions.NameResolutionError: <urllib3.connection.HTTPSConnection object at 0x0000026AFFC1CE90>: Failed to resolve 'archive-api.open-meteo.com' ([Errno 11001] getaddrinfo failed)

The above exception was the direct cause of the following exception:

Traceback (most recent call last):
  File "C:\Users\matis\AppData\Local\Programs\Python\Python312\Lib\site-packages\requests\adapters.py", line 667, in send
    resp = conn.urlopen(
           ^^^^^^^^^^^^^
  File "C:\Users\matis\AppData\Local\Programs\Python\Python312\Lib\site-packages\urllib3\connectionpool.py", line 843, in urlopen
    retries = retries.increment(
              ^^^^^^^^^^^^^^^^^^
  File "C:\Users\matis\AppData\Local\Programs\Python\Python312\Lib\site-packages\urllib3\util\retry.py", line 519, in increment
    raise MaxRetryError(_pool, url, reason) from reason  # type: ignore[arg-type]
    ^^^^^^^^^^^^^^^^^^^^^^^^^^^^^^^^^^^^^^^^^^^^^^^^^^^
urllib3.exceptions.MaxRetryError: HTTPSConnectionPool(host='archive-api.open-meteo.com', port=443): Max retries exceeded with url: /v1/archive?latitude=46.7286&longitude=8.175&start_date=2025-01-01&end_date=2026-04-06&hourly=temperature_2m%2Cshortwave_radiation%2Ccloudcover&daily=rain_sum&timezone=Europe%2FZurich (Caused by NameResolutionError("<urllib3.connection.HTTPSConnection object at 0x0000026AFFC1CE90>: Failed to resolve 'archive-api.open-meteo.com' ([Errno 11001] getaddrinfo failed)"))

During handling of the above exception, another exception occurred:

Traceback (most recent call last):
  File "C:\Users\matis\Desktop\Master Thesis\CODE\Thesis_AlpenEnergie\Cons_Prediction\CNN_LSTM\main.py", line 103, in main
    get_weather_data.main()
  File "C:\Users\matis\Desktop\Master Thesis\CODE\Thesis_AlpenEnergie\Cons_Prediction\CNN_LSTM\get_weather_data.py", line 238, in main
    df_hist,     rain_hist = fetch_historical()
                             ^^^^^^^^^^^^^^^^^^
  File "C:\Users\matis\Desktop\Master Thesis\CODE\Thesis_AlpenEnergie\Cons_Prediction\CNN_LSTM\get_weather_data.py", line 109, in fetch_historical
    df, rain_map = _parse_response(requests.get(ARCHIVE_URL, params=params, timeout=60))
                                   ^^^^^^^^^^^^^^^^^^^^^^^^^^^^^^^^^^^^^^^^^^^^^^^^^^^^
  File "C:\Users\matis\AppData\Local\Programs\Python\Python312\Lib\site-packages\requests\api.py", line 73, in get
    return request("get", url, params=params, **kwargs)
           ^^^^^^^^^^^^^^^^^^^^^^^^^^^^^^^^^^^^^^^^^^^^
  File "C:\Users\matis\AppData\Local\Programs\Python\Python312\Lib\site-packages\requests\api.py", line 59, in request
    return session.request(method=method, url=url, **kwargs)
           ^^^^^^^^^^^^^^^^^^^^^^^^^^^^^^^^^^^^^^^^^^^^^^^^^
  File "C:\Users\matis\AppData\Local\Programs\Python\Python312\Lib\site-packages\requests\sessions.py", line 589, in request
    resp = self.send(prep, **send_kwargs)
           ^^^^^^^^^^^^^^^^^^^^^^^^^^^^^^
  File "C:\Users\matis\AppData\Local\Programs\Python\Python312\Lib\site-packages\requests\sessions.py", line 703, in send
    r = adapter.send(request, **kwargs)
        ^^^^^^^^^^^^^^^^^^^^^^^^^^^^^^^
  File "C:\Users\matis\AppData\Local\Programs\Python\Python312\Lib\site-packages\requests\adapters.py", line 700, in send
    raise ConnectionError(e, request=request)
requests.exceptions.ConnectionError: HTTPSConnectionPool(host='archive-api.open-meteo.com', port=443): Max retries exceeded with url: /v1/archive?latitude=46.7286&longitude=8.175&start_date=2025-01-01&end_date=2026-04-06&hourly=temperature_2m%2Cshortwave_radiation%2Ccloudcover&daily=rain_sum&timezone=Europe%2FZurich (Caused by NameResolutionError("<urllib3.connection.HTTPSConnection object at 0x0000026AFFC1CE90>: Failed to resolve 'archive-api.open-meteo.com' ([Errno 11001] getaddrinfo failed)"))

2026-04-30 09:35:12  INFO      ============================================================
2026-04-30 09:35:12  INFO        AlpenEnergie — Main Forecast Pipeline
2026-04-30 09:35:12  INFO        Predict date   : 2026-04-30
2026-04-30 09:35:12  INFO        Forecast hours : 48h
2026-04-30 09:35:12  INFO        Started        : 2026-04-30 09:35:12
2026-04-30 09:35:12  INFO      ============================================================
2026-04-30 09:35:12  INFO      Step 1/3 — Load data ...
2026-04-30 09:35:55  INFO        Step 1 — done.
2026-04-30 09:35:55  INFO      Step 2/3 — Weather update ...
2026-04-30 09:36:11  INFO        Step 2 — done.
2026-04-30 09:36:11  INFO      Step 3/4 — CNN-LSTM 48h forecast ...
2026-04-30 09:37:27  INFO        Output: D:\Master Thesis_D\Thesis_AlpenEnergie\Cons_Prediction\CNN_LSTM\..\Output Forecast\Prediction_2026-05-01.csv
2026-04-30 09:37:27  INFO        Step 3 — done.
2026-04-30 09:37:27  INFO        Past Prediction archive: 96 rows  ->  D:\Master Thesis_D\Thesis_AlpenEnergie\Cons_Prediction\CNN_LSTM\..\Output Forecast\Past_Prediction\Load_Forecast_History.xlsx
2026-04-30 09:37:27  INFO      Step 4/4 — DNN production forecast ...
2026-04-30 09:38:30  WARNING   5 out of the last 38 calls to <function TensorFlowTrainer.make_predict_function.<locals>.one_step_on_data_distributed at 0x0000021406F63920> triggered tf.function retracing. Tracing is expensive and the excessive number of tracings could be due to (1) creating @tf.function repeatedly in a loop, (2) passing tensors with different shapes, (3) passing Python objects instead of tensors. For (1), please define your @tf.function outside of the loop. For (2), @tf.function has reduce_retracing=True option that can avoid unnecessary retracing. For (3), please refer to https://www.tensorflow.org/guide/function#controlling_retracing and https://www.tensorflow.org/api_docs/python/tf/function for  more details.
2026-04-30 09:38:30  INFO        Production forecast: 2,966.4 kW avg for 2026-05-01  +distribution (288 rows)
2026-04-30 09:38:30  INFO        Output (Excel): D:\Master Thesis_D\Thesis_AlpenEnergie\Cons_Prediction\CNN_LSTM\..\Output Forecast\Prediction_2026-05-01.xlsx
2026-04-30 09:38:30  INFO        Step 4 — done.
2026-04-30 09:38:30  INFO      ============================================================
2026-04-30 09:38:30  INFO        Pipeline complete in 198s
2026-04-30 09:38:30  INFO        Result: D:\Master Thesis_D\Thesis_AlpenEnergie\Cons_Prediction\CNN_LSTM\..\Output Forecast\Prediction_2026-05-01.csv
2026-04-30 09:38:30  INFO      ============================================================
2026-04-30 09:38:46  INFO      ============================================================
2026-04-30 09:38:46  INFO        AlpenEnergie — Main Forecast Pipeline
2026-04-30 09:38:46  INFO        Predict date   : 2026-04-30
2026-04-30 09:38:46  INFO        Forecast hours : 48h
2026-04-30 09:38:46  INFO        Started        : 2026-04-30 09:38:46
2026-04-30 09:38:46  INFO      ============================================================
2026-04-30 09:38:46  INFO      Step 1/3 — Load data ...
2026-04-30 09:39:27  INFO        Step 1 — done.
2026-04-30 09:39:27  INFO      Step 2/3 — Weather update ...
2026-04-30 09:39:43  INFO        Step 2 — done.
2026-04-30 09:39:43  INFO      Step 3/4 — CNN-LSTM 48h forecast ...
2026-04-30 09:40:31  INFO        Output: D:\Master Thesis_D\Thesis_AlpenEnergie\Cons_Prediction\CNN_LSTM\..\Output Forecast\Prediction_2026-05-01.csv
2026-04-30 09:40:31  INFO        Step 3 — done.
2026-04-30 09:40:31  INFO        Past Prediction archive: 96 rows  ->  D:\Master Thesis_D\Thesis_AlpenEnergie\Cons_Prediction\CNN_LSTM\..\Output Forecast\Past_Prediction\Load_Forecast_History.xlsx
2026-04-30 09:40:31  INFO      Step 4/4 — DNN production forecast ...
2026-04-30 09:41:42  WARNING   5 out of the last 38 calls to <function TensorFlowTrainer.make_predict_function.<locals>.one_step_on_data_distributed at 0x00000191066E0F40> triggered tf.function retracing. Tracing is expensive and the excessive number of tracings could be due to (1) creating @tf.function repeatedly in a loop, (2) passing tensors with different shapes, (3) passing Python objects instead of tensors. For (1), please define your @tf.function outside of the loop. For (2), @tf.function has reduce_retracing=True option that can avoid unnecessary retracing. For (3), please refer to https://www.tensorflow.org/guide/function#controlling_retracing and https://www.tensorflow.org/api_docs/python/tf/function for  more details.
2026-04-30 09:41:42  INFO        Production forecast: 2,948.2 kW avg for 2026-05-01  +distribution (288 rows)
2026-04-30 09:41:42  INFO        Output (Excel): D:\Master Thesis_D\Thesis_AlpenEnergie\Cons_Prediction\CNN_LSTM\..\Output Forecast\Prediction_2026-05-01.xlsx
2026-04-30 09:41:42  INFO        Step 4 — done.
2026-04-30 09:41:42  INFO      ============================================================
2026-04-30 09:41:42  INFO        Pipeline complete in 176s
2026-04-30 09:41:42  INFO        Result: D:\Master Thesis_D\Thesis_AlpenEnergie\Cons_Prediction\CNN_LSTM\..\Output Forecast\Prediction_2026-05-01.csv
2026-04-30 09:41:42  INFO      ============================================================
2026-04-30 10:28:40  INFO      ============================================================
2026-04-30 10:28:40  INFO        AlpenEnergie — Main Forecast Pipeline
2026-04-30 10:28:40  INFO        Predict date   : 2026-04-30
2026-04-30 10:28:40  INFO        Forecast hours : 48h
2026-04-30 10:28:40  INFO        Started        : 2026-04-30 10:28:40
2026-04-30 10:28:40  INFO      ============================================================
2026-04-30 10:28:40  INFO      Step 1/3 — Load data ...
2026-04-30 10:29:26  INFO        Step 1 — done.
2026-04-30 10:29:26  INFO      Step 2/3 — Weather update ...
2026-04-30 10:29:47  INFO        Step 2 — done.
2026-04-30 10:29:47  INFO      Step 3/4 — CNN-LSTM 48h forecast ...
2026-04-30 10:31:35  INFO        Output: D:\Master Thesis_D\Thesis_AlpenEnergie\Cons_Prediction\CNN_LSTM\..\Output Forecast\Prediction_2026-05-01.csv
2026-04-30 10:31:35  INFO        Step 3 — done.
2026-04-30 10:31:35  INFO        Past Prediction archive: 96 rows  ->  D:\Master Thesis_D\Thesis_AlpenEnergie\Cons_Prediction\CNN_LSTM\..\Output Forecast\Past_Prediction\Load_Forecast_History.xlsx
2026-04-30 10:31:35  INFO      Step 4/4 — DNN production forecast ...
2026-04-30 10:32:42  WARNING   5 out of the last 38 calls to <function TensorFlowTrainer.make_predict_function.<locals>.one_step_on_data_distributed at 0x0000021C8904EDE0> triggered tf.function retracing. Tracing is expensive and the excessive number of tracings could be due to (1) creating @tf.function repeatedly in a loop, (2) passing tensors with different shapes, (3) passing Python objects instead of tensors. For (1), please define your @tf.function outside of the loop. For (2), @tf.function has reduce_retracing=True option that can avoid unnecessary retracing. For (3), please refer to https://www.tensorflow.org/guide/function#controlling_retracing and https://www.tensorflow.org/api_docs/python/tf/function for  more details.
2026-04-30 10:32:42  INFO        Production forecast: 2,948.2 kW avg for 2026-05-01  +distribution (288 rows)
2026-04-30 10:32:42  INFO        Output (Excel): D:\Master Thesis_D\Thesis_AlpenEnergie\Cons_Prediction\CNN_LSTM\..\Output Forecast\Prediction_2026-05-01.xlsx
2026-04-30 10:32:42  INFO        Step 4 — done.
2026-04-30 10:32:42  INFO      ============================================================
2026-04-30 10:32:42  INFO        Pipeline complete in 241s
2026-04-30 10:32:42  INFO        Result: D:\Master Thesis_D\Thesis_AlpenEnergie\Cons_Prediction\CNN_LSTM\..\Output Forecast\Prediction_2026-05-01.csv
2026-04-30 10:32:42  INFO      ============================================================
2026-04-30 10:40:15  INFO      ============================================================
2026-04-30 10:40:15  INFO        AlpenEnergie — Main Forecast Pipeline
2026-04-30 10:40:15  INFO        Predict date   : 2026-04-30
2026-04-30 10:40:15  INFO        Forecast hours : 48h
2026-04-30 10:40:15  INFO        Started        : 2026-04-30 10:40:15
2026-04-30 10:40:15  INFO      ============================================================
2026-04-30 10:40:15  INFO      Step 1/3 — Load data ...
2026-04-30 10:40:59  INFO        Step 1 — done.
2026-04-30 10:40:59  INFO      Step 2/3 — Weather update ...
2026-04-30 10:41:14  INFO        Step 2 — done.
2026-04-30 10:41:14  INFO      Step 3/4 — CNN-LSTM 48h forecast ...
2026-04-30 10:42:56  INFO        Output: D:\Master Thesis_D\Thesis_AlpenEnergie\Cons_Prediction\CNN_LSTM\..\Output Forecast\Prediction_2026-05-01.csv
2026-04-30 10:42:56  INFO        Step 3 — done.
2026-04-30 10:42:56  INFO        Past Prediction archive: 96 rows  ->  D:\Master Thesis_D\Thesis_AlpenEnergie\Cons_Prediction\CNN_LSTM\..\Output Forecast\Past_Prediction\Load_Forecast_History.xlsx
2026-04-30 10:42:56  INFO      Step 4/4 — DNN production forecast ...
2026-05-13 16:45:44  INFO      ============================================================
2026-05-13 16:45:44  INFO        AlpenEnergie — Main Forecast Pipeline
2026-05-13 16:45:44  INFO        Predict date   : 2026-05-13
2026-05-13 16:45:44  INFO        Forecast hours : 48h
2026-05-13 16:45:44  INFO        Started        : 2026-05-13 16:45:44
2026-05-13 16:45:44  INFO      ============================================================
2026-05-13 16:45:44  INFO      Step 1/3 — Load data ...
2026-05-13 16:46:31  INFO        Step 1 — done.
2026-05-13 16:46:31  INFO      Step 2/3 — Weather update ...
2026-05-13 16:46:51  INFO        Step 2 — done.
2026-05-13 16:46:51  INFO      Step 3/4 — CNN-LSTM 48h forecast ...
2026-05-13 16:48:31  INFO        Output: D:\Master Thesis_D\Thesis_AlpenEnergie\Cons_Prediction\CNN_LSTM\..\Output Forecast\Prediction_2026-05-14.csv
2026-05-13 16:48:31  INFO        Step 3 — done.
2026-05-13 16:48:31  INFO        Past Prediction archive: 192 rows  ->  D:\Master Thesis_D\Thesis_AlpenEnergie\Cons_Prediction\CNN_LSTM\..\Output Forecast\Past_Prediction\Load_Forecast_History.xlsx
2026-05-13 16:48:31  INFO      Step 4/4 — DNN production forecast ...
